// Jest Snapshot v1, https://goo.gl/fbAQLP

exports[`<Login /> rendering should render without crashing 1`] = `
<IntlProvider
  defaultFormats={Object {}}
  defaultLocale="en"
  formats={Object {}}
  locale="en"
  messages={
    Object {
      "Aside.dropdownMenu": "Dropdown Menu",
      "Aside.home": "Home",
      "Aside.submenu1": "Submenu 1",
      "Aside.submenu2": "Submenu 2",
      "Aside.users": "Users",
      "ChangePassword.changePassword": "Change Password",
      "ChangePassword.confirmPassword": "Confirm Password",
      "ChangePassword.currentPassword": "Current Password",
      "ChangePassword.insecurePassword": "Insecure password",
      "ChangePassword.matchPassword": "Passwords match",
      "ChangePassword.newPassword": "New Password",
      "ChangePassword.notMatchPassword": "Passwords do not match",
      "ChangePassword.safePassword": "Safe password",
      "ChangePassword.samePassword": "The new password and the current one cannot be the same",
      "ChangePassword.submits": "Submit",
      "Home.content": "Home content",
      "Home.home": "Home",
      "Login.email": "E-mail Address",
      "Login.facebook": "Continue with Facebook",
      "Login.forgotPassword": "Forgot Password?",
      "Login.google": "Continue with Google",
      "Login.login": "Login",
      "Login.microsoft": "Continue with Microsoft",
      "Login.password": "Password",
      "Login.setNewPassword": "Set your new password",
      "Login.setPassword": "Set Password",
      "NavBar.Language": "English",
      "NavBar.logOut": "Log Out",
      "NavBar.profile": "Profile",
      "NotFound.404": "Error 404: page not found",
      "NotFound.back": "Go Back",
      "NotFound.url": "The requested URL {url} was not found",
      "Profile.profile": "Profile",
      "ResetPassword.back": "Back",
      "ResetPassword.email": "E-mail Address",
      "ResetPassword.emailRegistration": "E-mail used for registration",
      "ResetPassword.recoverEmail": "We have sent you an email to {mail} so you can recover your account.",
      "ResetPassword.recovery": "Password Recovery",
      "ResetPassword.resetLink": "Send Reset Link",
      "Section.content": "Section content",
      "Section.section": "Section",
      "Submenu.content": "Submenu content",
      "Submenu.submenu": "Submenu",
      "Table.perPage": " per page",
      "User.editUser": "Edit User",
      "User.newUser": "New User",
      "UserForm.admin": "Admin",
      "UserForm.created": "Created",
      "UserForm.email": "E-mail",
      "UserForm.goBack": "Go Back",
      "UserForm.invalidEmail": "Invalid E-mail",
      "UserForm.location": "Location",
      "UserForm.logo": "Logo",
      "UserForm.name": "Name",
      "UserForm.pickAnotherFile": "Pick another file",
      "UserForm.pickFile": "Pick a file",
      "UserForm.submit": "Submit",
      "UserForm.userInfo": "User Information",
      "UserForm.userPreview": "User Preview",
      "Users.admin": "Admin",
      "Users.cancel": "Cancel",
      "Users.confirm": "Confirm action",
      "Users.created": "Created",
      "Users.delete": "Delete",
      "Users.email": "Email",
      "Users.location": "Location",
      "Users.name": "Name",
      "Users.newUser": "New User",
      "Users.permDelete": "This will permanently delete the user. Action can not be undone.",
      "Users.search": "Search:",
      "Users.users": "Users",
      "auth/account-exists-with-different-credential": "Email on another sign in method",
      "auth/cancelled-popup-request": "Too many pop ups, just one pop up is allowed",
      "auth/email-already-exists": "Email already in use",
      "auth/expired-action-code": "The invitation link has expired, get in touch with your administrator",
      "auth/invalid-action-code": "The invitation link has expired, get in touch with your administrator",
      "auth/invalid-email": "Email is invalid",
      "auth/popup-blocked": "Pop up blocked by the browser, please enable pop ups for this page",
      "auth/popup-closed-by-user": "Operation cancelled, pop up was closed",
      "auth/too-many-requests": "Too many attempts made, try again later",
      "auth/user-disabled": "User disabled",
      "auth/wrong-password": "Invalid credentials",
      "storage/quota-exceeded": "Internal server error, get in touch with your administrator",
      "storage/unauthenticated": "Unauthenticated, please authenticate and try again",
      "storage/unauthorized": "Unauthorized, you are not authorized to perform this action",
      "utils.default": "Unknown error, get in touch with your administrator",
      "utils.invalidEmail": "Invalid email",
      "utils.safePassword": "Safe password",
      "utils.unsafePassword": "Unsafe password",
    }
  }
  onError={[Function]}
  textComponent={Symbol(react.fragment)}
>
  <BrowserRouter
    keyLength={0}
  >
    <Router
      history={
        Object {
          "action": "POP",
          "block": [Function],
          "createHref": [Function],
          "go": [Function],
          "goBack": [Function],
          "goForward": [Function],
          "length": 1,
          "listen": [Function],
          "location": Object {
            "hash": "",
            "pathname": "/",
            "search": "",
            "state": undefined,
          },
          "push": [Function],
          "replace": [Function],
        }
      }
    >
      <Provider
        store={
          Object {
            "clearActions": [Function],
            "dispatch": [Function],
            "getActions": [Function],
            "getState": [Function],
            "replaceReducer": [Function],
            "subscribe": [Function],
          }
        }
      >
        <Login>
          <section
            className="section hero is-fullheight is-error-section"
          >
            <div
              className="hero-body"
            >
              <div
                className="container"
              >
                <div
                  className="columns is-centered"
                >
                  <div
                    className="column is-two-fifths"
                  >
                    <div
                      className="card has-card-header-background"
                    >
                      <header
                        className="card-header"
                      >
                        <p
                          className="card-header-title"
                        >
                          <span
                            className="icon"
                          >
                            <i
                              className="mdi mdi-lock default"
                            />
                          </span>
                          <span>
                            Login
                          </span>
                        </p>
                      </header>
                      <div
                        className="card-content"
                      >
                        <form
                          onSubmit={[Function]}
                        >
                          <div
                            className="field"
                          >
                            <p
                              className="label"
                            >
                              E-mail Address
                            </p>
                            <div
                              className="control is-clearfix"
                            >
                              <input
                                className="input"
                                name="email"
                                onChange={[Function]}
                                required={true}
                                type="email"
                                value=""
                              />
                            </div>
                          </div>
                          <div
                            className="field"
                          >
                            <p
                              className="label"
                            >
                              Password
                            </p>
                            <div
                              className="control is-clearfix"
                            >
                              <input
                                className="input"
                                name="password"
                                onChange={[Function]}
                                required={true}
                                type="password"
                                value=""
                              />
                            </div>
                          </div>
                          <br />
                          <div
                            className="field is-grouped"
                          >
                            <div
                              className="control"
                            >
                              <button
                                className="button is-black"
                                disabled={false}
                                type="submit"
                              >
                                Login
                              </button>
                            </div>
                            <div
                              className="control"
                            >
                              <Link
                                className="button is-outlined"
                                to="/recover-password"
                              >
                                <LinkAnchor
                                  className="button is-outlined"
                                  href="/recover-password"
                                  navigate={[Function]}
                                >
                                  <a
                                    className="button is-outlined"
                                    href="/recover-password"
                                    onClick={[Function]}
                                  >
                                    Forgot Password?
                                  </a>
                                </LinkAnchor>
                              </Link>
                            </div>
                          </div>
                        </form>
                        <hr />
                        <div
                          className="field is-grouped socialButtons"
                        >
                          <a
                            className="is-facebook socialButton"
                            onClick={[Function]}
                          >
                            <span
                              className="icon icon"
                            >
                              <i
                                className="mdi mdi-facebook"
                              />
                            </span>
                            <span>
                              Continue with Facebook
                            </span>
                          </a>
                          <a
                            className="is-google socialButton"
                            onClick={[Function]}
                          >
                            <span
                              className="icon icon"
                            >
                              <i
                                className="mdi mdi-google"
                              />
                            </span>
                            <span>
                              Continue with Google
                            </span>
                          </a>
                          <a
                            className="is-microsoft socialButton"
                            onClick={[Function]}
                          >
                            <span
                              className="icon icon"
                            >
                              <i
                                className="mdi mdi-microsoft"
                              />
                            </span>
                            <span>
                              Continue with Microsoft
                            </span>
                          </a>
                        </div>
                      </div>
                    </div>
                  </div>
                </div>
              </div>
            </div>
          </section>
        </Login>
      </Provider>
    </Router>
  </BrowserRouter>
</IntlProvider>
`;
