// Jest Snapshot v1, https://goo.gl/fbAQLP

exports[`<NavBar /> rendering should render without crashing 1`] = `
<DocumentFragment>
  <nav
    class="navbar is-fixed-top"
    id="navbar-main"
  >
    <div
      class="navbar-brand"
    >
      <a
        class="navbar-item is-hidden-desktop jb-aside-mobile-toggle"
      >
        <span
          class="icon"
        >
          <i
            class="mdi mdi-24px mdi-forwardburger"
          />
        </span>
      </a>
    </div>
    <div
      class="navbar-brand is-right"
    >
      <a
        class="navbar-item is-hidden-desktop jb-navbar-menu-toggle"
        data-target="navbar-menu"
      >
        <span
          class="icon"
        >
          <i
            class="mdi mdi-dots-vertical"
          />
        </span>
      </a>
    </div>
    <div
      class="navbar-menu fadeIn animated faster"
      id="navbar-menu"
    >
      <div
        class="navbar-end"
      >
        <div
          class="navbar-item has-dropdown has-dropdown-with-icons has-divider has-user-avatar is-hoverable"
        >
          <a
            class="navbar-link is-arrowless"
          >
            <div
              class="is-user-avatar"
            >
              <span>
                <img
                  alt="en flag"
                  id="en"
                  src="en.png"
                />
              </span>
            </div>
            <span
              class="icon"
            >
              <i
                class="mdi mdi-chevron-down"
              />
            </span>
          </a>
          <div
            class="navbar-dropdown"
          >
            <a
              class="navbar-item"
              id="es"
            >
              <div
                class="is-user-avatar"
              >
                <span>
                  <img
                    alt="es flag"
                    src="es.png"
                  />
                </span>
              </div>
            </a>
          </div>
        </div>
        <div
          class="navbar-item has-dropdown has-dropdown-with-icons has-divider has-user-avatar is-hoverable"
        >
          <a
            class="navbar-link is-arrowless"
          >
            <div
              class="is-user-avatar"
            >
              <img
                alt="User profile"
                src="user-default-log.jpg"
              />
            </div>
            <div
              class="is-user-name"
            >
              <span />
            </div>
            <span
              class="icon"
            >
              <i
                class="mdi mdi-chevron-down"
              />
            </span>
          </a>
          <div
            class="navbar-dropdown"
          >
            <a
              class="navbar-item"
              href="/profile"
            >
              <span
                class="icon"
              >
                <i
                  class="mdi mdi-account"
                />
              </span>
              <span>
                Profile
              </span>
            </a>
            <hr
              class="navbar-divider"
            />
            <a
              class="navbar-item"
              id="logout"
            >
              <span
                class="icon"
              >
                <i
                  class="mdi mdi-logout"
                />
              </span>
              <span>
                Log Out
              </span>
            </a>
          </div>
        </div>
      </div>
    </div>
  </nav>
</DocumentFragment>
`;
