// Jest Snapshot v1, https://goo.gl/fbAQLP

exports[`<User /> rendering should render without crashing 1`] = `
<DocumentFragment>
  <section
    class="hero is-hero-bar"
  >
    <div
      class="hero-body"
    >
      <h1
        class="title"
      >
        Edit User
      </h1>
    </div>
  </section>
  <section
    class="section is-main-section"
  >
    <div
      class="tile is-ancestor"
    >
      <div
        class="tile is-parent"
      >
        <div
          class="card tile is-child"
        >
          <header
            class="card-header"
          >
            <p
              class="card-header-title"
            >
              <span
                class="icon"
              >
                <i
                  class="mdi mdi-account-edit default"
                />
              </span>
              User Information
            </p>
          </header>
          <div
            class="card-content"
          >
            <form>
              <div
                class="field is-horizontal"
              >
                <div
                  class="field-label is-normal"
                >
                  <label
                    class="label"
                  >
                    E-mail
                  </label>
                </div>
                <div
                  class="field-body"
                >
                  <div
                    class="field"
                  >
                    <div
                      class="control"
                    >
                      <input
                        class="input"
                        name="email"
                      />
                    </div>
                  </div>
                </div>
              </div>
              <div
                class="field is-horizontal"
              >
                <div
                  class="field-label is-normal"
                >
                  <label
                    class="label"
                  >
                    Name
                  </label>
                </div>
                <div
                  class="field-body"
                >
                  <div
                    class="field"
                  >
                    <div
                      class="control"
                    >
                      <input
                        class="input"
                        id="name"
                        name="name"
                        type="text"
                      />
                    </div>
                  </div>
                </div>
              </div>
              <div
                class="field is-horizontal"
              >
                <div
                  class="field-label is-normal"
                >
                  <label
                    class="label"
                  >
                    Location
                  </label>
                </div>
                <div
                  class="field-body"
                >
                  <div
                    class="field"
                  >
                    <div
                      class="control"
                    >
                      <input
                        class="input"
                        name="location"
                        type="text"
                      />
                    </div>
                  </div>
                </div>
              </div>
              <div
                class="field has-check is-horizontal"
              >
                <div
                  class="field-label"
                >
                  <label
                    class="label"
                  >
                    Admin
                  </label>
                </div>
                <div
                  class="field-body"
                >
                  <div
                    class="field"
                  >
                    <div
                      class="field"
                    >
                      <div
                        class="control"
                      >
                        <label
                          class="b-checkbox checkbox"
                        >
                          <input
                            name="isAdmin"
                            type="checkbox"
                          />
                          <span
                            class="check is-primary"
                          />
                        </label>
                      </div>
                    </div>
                  </div>
                </div>
              </div>
              <div
                class="field is-horizontal"
              >
                <div
                  class="field-label is-normal"
                >
                  <label
                    class="label"
                  >
                    Created
                  </label>
                </div>
                <div
                  class="field-body"
                >
                  <div
                    class="field"
                  >
                    <div
                      class="react-datepicker-wrapper"
                    >
                      <div
                        class="react-datepicker__input-container"
                      >
                        <input
                          class=""
                          type="text"
                          value="11-18-20"
                        />
                      </div>
                    </div>
                  </div>
                </div>
              </div>
              <hr />
              <div
                class="field is-horizontal"
              >
                <div
                  class="field-label is-normal"
                >
                  <label
                    class="label"
                  >
                    Logo
                  </label>
                </div>
                <div
                  class="field-body"
                >
                  <div
                    class="field"
                  >
                    <div
                      class="file has-name"
                    >
                      <label
                        class="file-label"
                      >
                        <input
                          accept="image/*"
                          class="file-input"
                          name="file"
                          type="file"
                        />
                        <span
                          class="file-cta"
                        >
                          <span
                            class="file-icon"
                          >
                            <i
                              class="mdi mdi-upload"
                            />
                          </span>
                          <span
                            class="file-label"
                          >
                            Pick a file
                          </span>
                        </span>
                        <span
                          class="file-name"
                        />
                      </label>
                    </div>
                  </div>
                </div>
              </div>
              <hr />
              <div
                class="field is-horizontal"
              >
                <div
                  class="field-label"
                />
                <div
                  class="field-body"
                >
                  <div
                    class="field"
                  >
                    <div
                      class="field is-grouped"
                    >
                      <div
                        class="control"
                      >
                        <button
                          class="button is-primary undefined"
                          type="submit"
                        >
                          <span>
                            Submit
                          </span>
                        </button>
                      </div>
                      <a
                        class="button"
                        href="/users"
                      >
                        Go Back
                      </a>
                    </div>
                  </div>
                </div>
              </div>
            </form>
          </div>
        </div>
      </div>
      <div
        class="tile is-parent preview"
      >
        <div
          class="card tile is-child"
        >
          <header
            class="card-header"
          >
            <p
              class="card-header-title"
            >
              <span
                class="icon"
              >
                <i
                  class="mdi mdi-account default"
                />
              </span>
              User Preview
            </p>
          </header>
          <div
            class="card-content"
          >
            <div
              class="field"
            >
              <label
                class="label"
              >
                E-mail
              </label>
              <div
                class="control is-clearfix"
              >
                <input
                  class="input is-static"
                  data-testid="email"
                  readonly=""
                  type="text"
                  value=""
                />
              </div>
            </div>
            <div
              class="field"
            >
              <label
                class="label"
              >
                Name
              </label>
              <div
                class="control is-clearfix"
              >
                <input
                  class="input is-static"
                  data-testid="name"
                  readonly=""
                  type="text"
                  value=""
                />
              </div>
            </div>
            <div
              class="field"
            >
              <label
                class="label"
              >
                Location
              </label>
              <div
                class="control is-clearfix"
              >
                <input
                  class="input is-static"
                  data-testid="location"
                  readonly=""
                  type="text"
                  value=""
                />
              </div>
            </div>
            <div
              class="field"
            >
              <label
                class="label"
              >
                Admin
              </label>
              <div
                class="control is-clearfix"
                data-testid="admin"
              >
                <span
                  class="icon"
                >
                  <i
                    class="mdi mdi-close"
                  />
                </span>
              </div>
            </div>
            <div
              class="field"
            >
              <label
                class="label"
              >
                Created
              </label>
              <div
                class="control is-clearfix"
                data-testid="date"
              >
                <p
                  class="date"
                >
                  Wed, Nov 18, 2020
                </p>
              </div>
            </div>
          </div>
        </div>
      </div>
    </div>
  </section>
</DocumentFragment>
`;
